#-----------------------------------------------------------
# Vivado v2015.4 (64-bit)
# SW Build 1412921 on Wed Nov 18 09:43:45 MST 2015
# IP Build 1412160 on Tue Nov 17 13:47:24 MST 2015
# Start of session at: Mon Jul 24 12:26:11 2017
# Process ID: 3044
# Current directory: D:/Vivado_Program_Files/20170711_ESP8266/ESP8266_Config_0.1.1
# Command line: vivado.exe -gui_launcher_event rodinguilauncherevent6836 D:\Vivado_Program_Files\20170711_ESP8266\ESP8266_Config_0.1.1\ESP8266_Config_0.1.1.xpr
# Log file: D:/Vivado_Program_Files/20170711_ESP8266/ESP8266_Config_0.1.1/vivado.log
# Journal file: D:/Vivado_Program_Files/20170711_ESP8266/ESP8266_Config_0.1.1\vivado.jou
#-----------------------------------------------------------
start_gui
open_project D:/Vivado_Program_Files/20170711_ESP8266/ESP8266_Config_0.1.1/ESP8266_Config_0.1.1.xpr
open_hw
connect_hw_server -url localhost:3121
current_hw_target [get_hw_targets */xilinx_tcf/Digilent/210183A2801AA]
set_property PARAM.FREQUENCY 1000000 [get_hw_targets */xilinx_tcf/Digilent/210183A2801AA]
open_hw_target
set_property PROGRAM.FILE {D:/Vivado_Program_Files/20170711_ESP8266/ESP8266_Config_0.1.1/ESP8266_Config_0.1.1.runs/impl_1/ESP8266_ClientConfig.bit} [lindex [get_hw_devices] 0]
set_property PROBES.FILE {D:/Vivado_Program_Files/20170711_ESP8266/ESP8266_Config_0.1.1/ESP8266_Config_0.1.1.runs/impl_1/debug_nets.ltx} [lindex [get_hw_devices] 0]
current_hw_device [lindex [get_hw_devices] 0]
refresh_hw_device [lindex [get_hw_devices] 0]
reset_run synth_1
launch_runs impl_1 -to_step write_bitstream
wait_on_run impl_1
set_property PROBES.FILE {D:/Vivado_Program_Files/20170711_ESP8266/ESP8266_Config_0.1.1/ESP8266_Config_0.1.1.runs/impl_1/debug_nets.ltx} [lindex [get_hw_devices] 0]
set_property PROGRAM.FILE {D:/Vivado_Program_Files/20170711_ESP8266/ESP8266_Config_0.1.1/ESP8266_Config_0.1.1.runs/impl_1/ESP8266_ClientConfig.bit} [lindex [get_hw_devices] 0]
program_hw_devices [lindex [get_hw_devices] 0]
refresh_hw_device [lindex [get_hw_devices] 0]
display_hw_ila_data [ get_hw_ila_data hw_ila_data_1 -of_objects [get_hw_ilas -of_objects [get_hw_devices xc7a35t_0] -filter {CELL_NAME=~"inst_ila_uart"}]]
close_project
create_project ESP8266_Config_0.1.2 D:/Vivado_Program_Files/20170711_ESP8266/ESP8266_Config_0.1.2 -part xc7a35tcpg236-1
add_files -norecurse {D:/Vivado_Program_Files/20170711_ESP8266/ESP8266_Config_0.1.2/ESP8266_Config_0.1.2.srcs/sources_1/uart.vhd D:/Vivado_Program_Files/20170711_ESP8266/ESP8266_Config_0.1.2/ESP8266_Config_0.1.2.srcs/sources_1/ESP8266_ClientConfig.vhd}
update_compile_order -fileset sources_1
update_compile_order -fileset sim_1
add_files -norecurse D:/Vivado_Program_Files/20170711_ESP8266/ESP8266_Config_0.1.2/ESP8266_Config_0.1.2.srcs/sources_1/ip/ila_uart/ila_uart.xci
export_ip_user_files -of_objects  [get_files  D:/Vivado_Program_Files/20170711_ESP8266/ESP8266_Config_0.1.2/ESP8266_Config_0.1.2.srcs/sources_1/ip/ila_uart/ila_uart.xci] -force -quiet
update_compile_order -fileset sources_1
add_files -fileset constrs_1 -norecurse D:/Vivado_Program_Files/20170711_ESP8266/ESP8266_Config_0.1.2/ESP8266_Config_0.1.2.srcs/constrs_1/Basys3_Master.xdc
set_property SOURCE_SET sources_1 [get_filesets sim_1]
add_files -fileset sim_1 -norecurse D:/Vivado_Program_Files/20170711_ESP8266/ESP8266_Config_0.1.2/ESP8266_Config_0.1.2.srcs/sim_1/tb_ESP8266_ClientConfig.vhd
update_compile_order -fileset sim_1
update_compile_order -fileset sim_1
update_compile_order -fileset sim_1
launch_runs impl_1 -to_step write_bitstream
wait_on_run impl_1
reset_run synth_1
launch_runs impl_1 -to_step write_bitstream
wait_on_run impl_1
open_hw
connect_hw_server -url localhost:3121
current_hw_target [get_hw_targets */xilinx_tcf/Digilent/210183A2801AA]
set_property PARAM.FREQUENCY 1000000 [get_hw_targets */xilinx_tcf/Digilent/210183A2801AA]
open_hw_target
set_property PROGRAM.FILE {D:/Vivado_Program_Files/20170711_ESP8266/ESP8266_Config_0.1.2/ESP8266_Config_0.1.2.runs/impl_1/ESP8266_ClientConfig.bit} [lindex [get_hw_devices] 0]
set_property PROBES.FILE {D:/Vivado_Program_Files/20170711_ESP8266/ESP8266_Config_0.1.2/ESP8266_Config_0.1.2.runs/impl_1/debug_nets.ltx} [lindex [get_hw_devices] 0]
current_hw_device [lindex [get_hw_devices] 0]
refresh_hw_device [lindex [get_hw_devices] 0]
display_hw_ila_data [ get_hw_ila_data hw_ila_data_1 -of_objects [get_hw_ilas -of_objects [get_hw_devices xc7a35t_0] -filter {CELL_NAME=~"inst_ila_uart"}]]
run_hw_ila [get_hw_ilas -of_objects [get_hw_devices xc7a35t_0] -filter {CELL_NAME=~"inst_ila_uart"}]
wait_on_hw_ila [get_hw_ilas -of_objects [get_hw_devices xc7a35t_0] -filter {CELL_NAME=~"inst_ila_uart"}]
display_hw_ila_data [upload_hw_ila_data [get_hw_ilas -of_objects [get_hw_devices xc7a35t_0] -filter {CELL_NAME=~"inst_ila_uart"}]]
reset_run synth_1
launch_runs impl_1 -to_step write_bitstream
wait_on_run impl_1
set_property PROBES.FILE {D:/Vivado_Program_Files/20170711_ESP8266/ESP8266_Config_0.1.2/ESP8266_Config_0.1.2.runs/impl_1/debug_nets.ltx} [lindex [get_hw_devices] 0]
set_property PROGRAM.FILE {D:/Vivado_Program_Files/20170711_ESP8266/ESP8266_Config_0.1.2/ESP8266_Config_0.1.2.runs/impl_1/ESP8266_ClientConfig.bit} [lindex [get_hw_devices] 0]
program_hw_devices [lindex [get_hw_devices] 0]
refresh_hw_device [lindex [get_hw_devices] 0]
reset_run synth_1
launch_runs impl_1 -to_step write_bitstream
wait_on_run impl_1
set_property PROBES.FILE {D:/Vivado_Program_Files/20170711_ESP8266/ESP8266_Config_0.1.2/ESP8266_Config_0.1.2.runs/impl_1/debug_nets.ltx} [lindex [get_hw_devices] 0]
set_property PROGRAM.FILE {D:/Vivado_Program_Files/20170711_ESP8266/ESP8266_Config_0.1.2/ESP8266_Config_0.1.2.runs/impl_1/ESP8266_ClientConfig.bit} [lindex [get_hw_devices] 0]
program_hw_devices [lindex [get_hw_devices] 0]
refresh_hw_device [lindex [get_hw_devices] 0]
reset_run synth_1
launch_runs impl_1 -to_step write_bitstream
wait_on_run impl_1
set_property PROBES.FILE {D:/Vivado_Program_Files/20170711_ESP8266/ESP8266_Config_0.1.2/ESP8266_Config_0.1.2.runs/impl_1/debug_nets.ltx} [lindex [get_hw_devices] 0]
set_property PROGRAM.FILE {D:/Vivado_Program_Files/20170711_ESP8266/ESP8266_Config_0.1.2/ESP8266_Config_0.1.2.runs/impl_1/ESP8266_ClientConfig.bit} [lindex [get_hw_devices] 0]
program_hw_devices [lindex [get_hw_devices] 0]
refresh_hw_device [lindex [get_hw_devices] 0]
reset_run synth_1
launch_runs impl_1 -to_step write_bitstream
wait_on_run impl_1
set_property PROBES.FILE {D:/Vivado_Program_Files/20170711_ESP8266/ESP8266_Config_0.1.2/ESP8266_Config_0.1.2.runs/impl_1/debug_nets.ltx} [lindex [get_hw_devices] 0]
set_property PROGRAM.FILE {D:/Vivado_Program_Files/20170711_ESP8266/ESP8266_Config_0.1.2/ESP8266_Config_0.1.2.runs/impl_1/ESP8266_ClientConfig.bit} [lindex [get_hw_devices] 0]
program_hw_devices [lindex [get_hw_devices] 0]
refresh_hw_device [lindex [get_hw_devices] 0]
reset_run synth_1
launch_runs impl_1 -to_step write_bitstream
wait_on_run impl_1
set_property PROBES.FILE {D:/Vivado_Program_Files/20170711_ESP8266/ESP8266_Config_0.1.2/ESP8266_Config_0.1.2.runs/impl_1/debug_nets.ltx} [lindex [get_hw_devices] 0]
set_property PROGRAM.FILE {D:/Vivado_Program_Files/20170711_ESP8266/ESP8266_Config_0.1.2/ESP8266_Config_0.1.2.runs/impl_1/ESP8266_ClientConfig.bit} [lindex [get_hw_devices] 0]
program_hw_devices [lindex [get_hw_devices] 0]
refresh_hw_device [lindex [get_hw_devices] 0]
set_property -dict [list CONFIG.C_NUM_OF_PROBES {8}] [get_ips ila_uart]
generate_target all [get_files  D:/Vivado_Program_Files/20170711_ESP8266/ESP8266_Config_0.1.2/ESP8266_Config_0.1.2.srcs/sources_1/ip/ila_uart/ila_uart.xci]
export_ip_user_files -of_objects [get_files D:/Vivado_Program_Files/20170711_ESP8266/ESP8266_Config_0.1.2/ESP8266_Config_0.1.2.srcs/sources_1/ip/ila_uart/ila_uart.xci] -no_script -force -quiet
reset_run ila_uart_synth_1
launch_run -jobs 4 ila_uart_synth_1
export_simulation -of_objects [get_files D:/Vivado_Program_Files/20170711_ESP8266/ESP8266_Config_0.1.2/ESP8266_Config_0.1.2.srcs/sources_1/ip/ila_uart/ila_uart.xci] -directory D:/Vivado_Program_Files/20170711_ESP8266/ESP8266_Config_0.1.2/ESP8266_Config_0.1.2.ip_user_files/sim_scripts -force -quiet
set_property -dict [list CONFIG.C_DATA_DEPTH {4096}] [get_ips ila_uart]
reset_run synth_1
launch_runs impl_1 -to_step write_bitstream -jobs 4
wait_on_run impl_1
reset_run synth_1
launch_runs impl_1 -to_step write_bitstream -jobs 4
wait_on_run impl_1
set_property PROBES.FILE {D:/Vivado_Program_Files/20170711_ESP8266/ESP8266_Config_0.1.2/ESP8266_Config_0.1.2.runs/impl_1/debug_nets.ltx} [lindex [get_hw_devices] 0]
set_property PROGRAM.FILE {D:/Vivado_Program_Files/20170711_ESP8266/ESP8266_Config_0.1.2/ESP8266_Config_0.1.2.runs/impl_1/ESP8266_ClientConfig.bit} [lindex [get_hw_devices] 0]
program_hw_devices [lindex [get_hw_devices] 0]
refresh_hw_device [lindex [get_hw_devices] 0]
run_hw_ila [get_hw_ilas -of_objects [get_hw_devices xc7a35t_0] -filter {CELL_NAME=~"inst_ila_uart"}]
wait_on_hw_ila [get_hw_ilas -of_objects [get_hw_devices xc7a35t_0] -filter {CELL_NAME=~"inst_ila_uart"}]
display_hw_ila_data [upload_hw_ila_data [get_hw_ilas -of_objects [get_hw_devices xc7a35t_0] -filter {CELL_NAME=~"inst_ila_uart"}]]
run_hw_ila [get_hw_ilas -of_objects [get_hw_devices xc7a35t_0] -filter {CELL_NAME=~"inst_ila_uart"}]
wait_on_hw_ila [get_hw_ilas -of_objects [get_hw_devices xc7a35t_0] -filter {CELL_NAME=~"inst_ila_uart"}]
display_hw_ila_data [upload_hw_ila_data [get_hw_ilas -of_objects [get_hw_devices xc7a35t_0] -filter {CELL_NAME=~"inst_ila_uart"}]]
run_hw_ila [get_hw_ilas -of_objects [get_hw_devices xc7a35t_0] -filter {CELL_NAME=~"inst_ila_uart"}]
wait_on_hw_ila [get_hw_ilas -of_objects [get_hw_devices xc7a35t_0] -filter {CELL_NAME=~"inst_ila_uart"}]
display_hw_ila_data [upload_hw_ila_data [get_hw_ilas -of_objects [get_hw_devices xc7a35t_0] -filter {CELL_NAME=~"inst_ila_uart"}]]
run_hw_ila [get_hw_ilas -of_objects [get_hw_devices xc7a35t_0] -filter {CELL_NAME=~"inst_ila_uart"}]
wait_on_hw_ila [get_hw_ilas -of_objects [get_hw_devices xc7a35t_0] -filter {CELL_NAME=~"inst_ila_uart"}]
display_hw_ila_data [upload_hw_ila_data [get_hw_ilas -of_objects [get_hw_devices xc7a35t_0] -filter {CELL_NAME=~"inst_ila_uart"}]]
run_hw_ila [get_hw_ilas -of_objects [get_hw_devices xc7a35t_0] -filter {CELL_NAME=~"inst_ila_uart"}]
wait_on_hw_ila [get_hw_ilas -of_objects [get_hw_devices xc7a35t_0] -filter {CELL_NAME=~"inst_ila_uart"}]
display_hw_ila_data [upload_hw_ila_data [get_hw_ilas -of_objects [get_hw_devices xc7a35t_0] -filter {CELL_NAME=~"inst_ila_uart"}]]
set_property TRIGGER_COMPARE_VALUE eq8'h4B [get_hw_probes data_stream_out -of_objects [get_hw_ilas -of_objects [get_hw_devices xc7a35t_0] -filter {CELL_NAME=~"inst_ila_uart"}]]
run_hw_ila [get_hw_ilas -of_objects [get_hw_devices xc7a35t_0] -filter {CELL_NAME=~"inst_ila_uart"}]
wait_on_hw_ila [get_hw_ilas -of_objects [get_hw_devices xc7a35t_0] -filter {CELL_NAME=~"inst_ila_uart"}]
display_hw_ila_data [upload_hw_ila_data [get_hw_ilas -of_objects [get_hw_devices xc7a35t_0] -filter {CELL_NAME=~"inst_ila_uart"}]]
add_wave -into {hw_ila_data_1.wcfg} -radix hex {data_stream_in_ack} {data_stream_in_stb} {data_stream_out} {data_stream_out_stb} {index} {model_sel} {send_byte} {next_cmd_tick}
run_hw_ila [get_hw_ilas -of_objects [get_hw_devices xc7a35t_0] -filter {CELL_NAME=~"inst_ila_uart"}]
wait_on_hw_ila [get_hw_ilas -of_objects [get_hw_devices xc7a35t_0] -filter {CELL_NAME=~"inst_ila_uart"}]
display_hw_ila_data [upload_hw_ila_data [get_hw_ilas -of_objects [get_hw_devices xc7a35t_0] -filter {CELL_NAME=~"inst_ila_uart"}]]
run_hw_ila [get_hw_ilas -of_objects [get_hw_devices xc7a35t_0] -filter {CELL_NAME=~"inst_ila_uart"}] -trigger_now
wait_on_hw_ila [get_hw_ilas -of_objects [get_hw_devices xc7a35t_0] -filter {CELL_NAME=~"inst_ila_uart"}]
display_hw_ila_data [upload_hw_ila_data [get_hw_ilas -of_objects [get_hw_devices xc7a35t_0] -filter {CELL_NAME=~"inst_ila_uart"}]]
run_hw_ila [get_hw_ilas -of_objects [get_hw_devices xc7a35t_0] -filter {CELL_NAME=~"inst_ila_uart"}] -trigger_now
wait_on_hw_ila [get_hw_ilas -of_objects [get_hw_devices xc7a35t_0] -filter {CELL_NAME=~"inst_ila_uart"}]
display_hw_ila_data [upload_hw_ila_data [get_hw_ilas -of_objects [get_hw_devices xc7a35t_0] -filter {CELL_NAME=~"inst_ila_uart"}]]
run_hw_ila [get_hw_ilas -of_objects [get_hw_devices xc7a35t_0] -filter {CELL_NAME=~"inst_ila_uart"}]
wait_on_hw_ila [get_hw_ilas -of_objects [get_hw_devices xc7a35t_0] -filter {CELL_NAME=~"inst_ila_uart"}]
display_hw_ila_data [upload_hw_ila_data [get_hw_ilas -of_objects [get_hw_devices xc7a35t_0] -filter {CELL_NAME=~"inst_ila_uart"}]]
run_hw_ila [get_hw_ilas -of_objects [get_hw_devices xc7a35t_0] -filter {CELL_NAME=~"inst_ila_uart"}]
wait_on_hw_ila [get_hw_ilas -of_objects [get_hw_devices xc7a35t_0] -filter {CELL_NAME=~"inst_ila_uart"}]
display_hw_ila_data [upload_hw_ila_data [get_hw_ilas -of_objects [get_hw_devices xc7a35t_0] -filter {CELL_NAME=~"inst_ila_uart"}]]
set_property TRIGGER_COMPARE_VALUE eq1'h1 [get_hw_probes data_stream_out_stb -of_objects [get_hw_ilas -of_objects [get_hw_devices xc7a35t_0] -filter {CELL_NAME=~"inst_ila_uart"}]]
run_hw_ila [get_hw_ilas -of_objects [get_hw_devices xc7a35t_0] -filter {CELL_NAME=~"inst_ila_uart"}]
wait_on_hw_ila [get_hw_ilas -of_objects [get_hw_devices xc7a35t_0] -filter {CELL_NAME=~"inst_ila_uart"}]
display_hw_ila_data [upload_hw_ila_data [get_hw_ilas -of_objects [get_hw_devices xc7a35t_0] -filter {CELL_NAME=~"inst_ila_uart"}]]
set_property CONTROL.TRIGGER_POSITION 200 [get_hw_ilas -of_objects [get_hw_devices xc7a35t_0] -filter {CELL_NAME=~"inst_ila_uart"}]
run_hw_ila [get_hw_ilas -of_objects [get_hw_devices xc7a35t_0] -filter {CELL_NAME=~"inst_ila_uart"}]
wait_on_hw_ila [get_hw_ilas -of_objects [get_hw_devices xc7a35t_0] -filter {CELL_NAME=~"inst_ila_uart"}]
display_hw_ila_data [upload_hw_ila_data [get_hw_ilas -of_objects [get_hw_devices xc7a35t_0] -filter {CELL_NAME=~"inst_ila_uart"}]]
reset_run synth_1
launch_runs impl_1 -to_step write_bitstream -jobs 4
wait_on_run impl_1
set_property PROBES.FILE {D:/Vivado_Program_Files/20170711_ESP8266/ESP8266_Config_0.1.2/ESP8266_Config_0.1.2.runs/impl_1/debug_nets.ltx} [lindex [get_hw_devices] 0]
set_property PROGRAM.FILE {D:/Vivado_Program_Files/20170711_ESP8266/ESP8266_Config_0.1.2/ESP8266_Config_0.1.2.runs/impl_1/ESP8266_ClientConfig.bit} [lindex [get_hw_devices] 0]
program_hw_devices [lindex [get_hw_devices] 0]
refresh_hw_device [lindex [get_hw_devices] 0]
reset_run synth_1
launch_runs impl_1 -to_step write_bitstream -jobs 4
wait_on_run impl_1
set_property PROBES.FILE {D:/Vivado_Program_Files/20170711_ESP8266/ESP8266_Config_0.1.2/ESP8266_Config_0.1.2.runs/impl_1/debug_nets.ltx} [lindex [get_hw_devices] 0]
set_property PROGRAM.FILE {D:/Vivado_Program_Files/20170711_ESP8266/ESP8266_Config_0.1.2/ESP8266_Config_0.1.2.runs/impl_1/ESP8266_ClientConfig.bit} [lindex [get_hw_devices] 0]
program_hw_devices [lindex [get_hw_devices] 0]
refresh_hw_device [lindex [get_hw_devices] 0]
reset_run synth_1
launch_runs impl_1 -to_step write_bitstream -jobs 4
wait_on_run impl_1
reset_run synth_1
launch_runs impl_1 -to_step write_bitstream -jobs 4
wait_on_run impl_1
reset_run synth_1
launch_runs impl_1 -to_step write_bitstream -jobs 4
wait_on_run impl_1
reset_run synth_1
launch_runs impl_1 -to_step write_bitstream -jobs 4
wait_on_run impl_1
reset_run synth_1
launch_runs impl_1 -to_step write_bitstream -jobs 4
wait_on_run impl_1
reset_run synth_1
launch_runs impl_1 -to_step write_bitstream -jobs 4
wait_on_run impl_1
set_property PROBES.FILE {D:/Vivado_Program_Files/20170711_ESP8266/ESP8266_Config_0.1.2/ESP8266_Config_0.1.2.runs/impl_1/debug_nets.ltx} [lindex [get_hw_devices] 0]
set_property PROGRAM.FILE {D:/Vivado_Program_Files/20170711_ESP8266/ESP8266_Config_0.1.2/ESP8266_Config_0.1.2.runs/impl_1/ESP8266_ClientConfig.bit} [lindex [get_hw_devices] 0]
program_hw_devices [lindex [get_hw_devices] 0]
refresh_hw_device [lindex [get_hw_devices] 0]
reset_run synth_1
launch_runs impl_1 -to_step write_bitstream -jobs 4
wait_on_run impl_1
open_run impl_1
set_property PROBES.FILE {D:/Vivado_Program_Files/20170711_ESP8266/ESP8266_Config_0.1.2/ESP8266_Config_0.1.2.runs/impl_1/debug_nets.ltx} [lindex [get_hw_devices] 0]
set_property PROGRAM.FILE {D:/Vivado_Program_Files/20170711_ESP8266/ESP8266_Config_0.1.2/ESP8266_Config_0.1.2.runs/impl_1/ESP8266_ClientConfig.bit} [lindex [get_hw_devices] 0]
program_hw_devices [lindex [get_hw_devices] 0]
refresh_hw_device [lindex [get_hw_devices] 0]
run_hw_ila [get_hw_ilas -of_objects [get_hw_devices xc7a35t_0] -filter {CELL_NAME=~"inst_ila_uart"}]
set_property TRIGGER_COMPARE_VALUE eq1'hX [get_hw_probes data_stream_out_stb -of_objects [get_hw_ilas -of_objects [get_hw_devices xc7a35t_0] -filter {CELL_NAME=~"inst_ila_uart"}]]
set_property TRIGGER_COMPARE_VALUE eq8'hXX [get_hw_probes data_stream_out -of_objects [get_hw_ilas -of_objects [get_hw_devices xc7a35t_0] -filter {CELL_NAME=~"inst_ila_uart"}]]
wait_on_hw_ila -timeout 0 [get_hw_ilas -of_objects [get_hw_devices xc7a35t_0] -filter {CELL_NAME=~"inst_ila_uart"}]
upload_hw_ila_data [get_hw_ilas -of_objects [get_hw_devices xc7a35t_0] -filter {CELL_NAME=~"inst_ila_uart"}]
run_hw_ila [get_hw_ilas -of_objects [get_hw_devices xc7a35t_0] -filter {CELL_NAME=~"inst_ila_uart"}] -trigger_now
wait_on_hw_ila [get_hw_ilas -of_objects [get_hw_devices xc7a35t_0] -filter {CELL_NAME=~"inst_ila_uart"}]
display_hw_ila_data [upload_hw_ila_data [get_hw_ilas -of_objects [get_hw_devices xc7a35t_0] -filter {CELL_NAME=~"inst_ila_uart"}]]
add_wave -into {hw_ila_data_1.wcfg} -radix hex {index}
run_hw_ila [get_hw_ilas -of_objects [get_hw_devices xc7a35t_0] -filter {CELL_NAME=~"inst_ila_uart"}]
wait_on_hw_ila [get_hw_ilas -of_objects [get_hw_devices xc7a35t_0] -filter {CELL_NAME=~"inst_ila_uart"}]
display_hw_ila_data [upload_hw_ila_data [get_hw_ilas -of_objects [get_hw_devices xc7a35t_0] -filter {CELL_NAME=~"inst_ila_uart"}]]
run_hw_ila [get_hw_ilas -of_objects [get_hw_devices xc7a35t_0] -filter {CELL_NAME=~"inst_ila_uart"}]
wait_on_hw_ila [get_hw_ilas -of_objects [get_hw_devices xc7a35t_0] -filter {CELL_NAME=~"inst_ila_uart"}]
display_hw_ila_data [upload_hw_ila_data [get_hw_ilas -of_objects [get_hw_devices xc7a35t_0] -filter {CELL_NAME=~"inst_ila_uart"}]]
run_hw_ila [get_hw_ilas -of_objects [get_hw_devices xc7a35t_0] -filter {CELL_NAME=~"inst_ila_uart"}]
wait_on_hw_ila [get_hw_ilas -of_objects [get_hw_devices xc7a35t_0] -filter {CELL_NAME=~"inst_ila_uart"}]
display_hw_ila_data [upload_hw_ila_data [get_hw_ilas -of_objects [get_hw_devices xc7a35t_0] -filter {CELL_NAME=~"inst_ila_uart"}]]
run_hw_ila [get_hw_ilas -of_objects [get_hw_devices xc7a35t_0] -filter {CELL_NAME=~"inst_ila_uart"}]
wait_on_hw_ila [get_hw_ilas -of_objects [get_hw_devices xc7a35t_0] -filter {CELL_NAME=~"inst_ila_uart"}]
display_hw_ila_data [upload_hw_ila_data [get_hw_ilas -of_objects [get_hw_devices xc7a35t_0] -filter {CELL_NAME=~"inst_ila_uart"}]]
run_hw_ila [get_hw_ilas -of_objects [get_hw_devices xc7a35t_0] -filter {CELL_NAME=~"inst_ila_uart"}]
wait_on_hw_ila [get_hw_ilas -of_objects [get_hw_devices xc7a35t_0] -filter {CELL_NAME=~"inst_ila_uart"}]
display_hw_ila_data [upload_hw_ila_data [get_hw_ilas -of_objects [get_hw_devices xc7a35t_0] -filter {CELL_NAME=~"inst_ila_uart"}]]
run_hw_ila [get_hw_ilas -of_objects [get_hw_devices xc7a35t_0] -filter {CELL_NAME=~"inst_ila_uart"}]
wait_on_hw_ila [get_hw_ilas -of_objects [get_hw_devices xc7a35t_0] -filter {CELL_NAME=~"inst_ila_uart"}]
display_hw_ila_data [upload_hw_ila_data [get_hw_ilas -of_objects [get_hw_devices xc7a35t_0] -filter {CELL_NAME=~"inst_ila_uart"}]]
reset_run synth_1
launch_runs impl_1 -to_step write_bitstream -jobs 4
wait_on_run impl_1
set_property PROBES.FILE {D:/Vivado_Program_Files/20170711_ESP8266/ESP8266_Config_0.1.2/ESP8266_Config_0.1.2.runs/impl_1/debug_nets.ltx} [lindex [get_hw_devices] 0]
set_property PROGRAM.FILE {D:/Vivado_Program_Files/20170711_ESP8266/ESP8266_Config_0.1.2/ESP8266_Config_0.1.2.runs/impl_1/ESP8266_ClientConfig.bit} [lindex [get_hw_devices] 0]
program_hw_devices [lindex [get_hw_devices] 0]
refresh_hw_device [lindex [get_hw_devices] 0]
reset_run synth_1
launch_runs impl_1 -to_step write_bitstream -jobs 4
wait_on_run impl_1
set_property PROBES.FILE {D:/Vivado_Program_Files/20170711_ESP8266/ESP8266_Config_0.1.2/ESP8266_Config_0.1.2.runs/impl_1/debug_nets.ltx} [lindex [get_hw_devices] 0]
set_property PROGRAM.FILE {D:/Vivado_Program_Files/20170711_ESP8266/ESP8266_Config_0.1.2/ESP8266_Config_0.1.2.runs/impl_1/ESP8266_ClientConfig.bit} [lindex [get_hw_devices] 0]
program_hw_devices [lindex [get_hw_devices] 0]
refresh_hw_device [lindex [get_hw_devices] 0]
reset_run synth_1
launch_runs impl_1 -to_step write_bitstream -jobs 4
wait_on_run impl_1
set_property PROBES.FILE {D:/Vivado_Program_Files/20170711_ESP8266/ESP8266_Config_0.1.2/ESP8266_Config_0.1.2.runs/impl_1/debug_nets.ltx} [lindex [get_hw_devices] 0]
set_property PROGRAM.FILE {D:/Vivado_Program_Files/20170711_ESP8266/ESP8266_Config_0.1.2/ESP8266_Config_0.1.2.runs/impl_1/ESP8266_ClientConfig.bit} [lindex [get_hw_devices] 0]
program_hw_devices [lindex [get_hw_devices] 0]
refresh_hw_device [lindex [get_hw_devices] 0]
run_hw_ila [get_hw_ilas -of_objects [get_hw_devices xc7a35t_0] -filter {CELL_NAME=~"inst_ila_uart"}]
wait_on_hw_ila [get_hw_ilas -of_objects [get_hw_devices xc7a35t_0] -filter {CELL_NAME=~"inst_ila_uart"}]
display_hw_ila_data [upload_hw_ila_data [get_hw_ilas -of_objects [get_hw_devices xc7a35t_0] -filter {CELL_NAME=~"inst_ila_uart"}]]
run_hw_ila [get_hw_ilas -of_objects [get_hw_devices xc7a35t_0] -filter {CELL_NAME=~"inst_ila_uart"}]
wait_on_hw_ila [get_hw_ilas -of_objects [get_hw_devices xc7a35t_0] -filter {CELL_NAME=~"inst_ila_uart"}]
display_hw_ila_data [upload_hw_ila_data [get_hw_ilas -of_objects [get_hw_devices xc7a35t_0] -filter {CELL_NAME=~"inst_ila_uart"}]]
run_hw_ila [get_hw_ilas -of_objects [get_hw_devices xc7a35t_0] -filter {CELL_NAME=~"inst_ila_uart"}]
wait_on_hw_ila [get_hw_ilas -of_objects [get_hw_devices xc7a35t_0] -filter {CELL_NAME=~"inst_ila_uart"}]
display_hw_ila_data [upload_hw_ila_data [get_hw_ilas -of_objects [get_hw_devices xc7a35t_0] -filter {CELL_NAME=~"inst_ila_uart"}]]
set_property PROBES.FILE {D:/Vivado_Program_Files/20170711_ESP8266/ESP8266_Config_0.1.2/ESP8266_Config_0.1.2.runs/impl_1/debug_nets.ltx} [lindex [get_hw_devices] 0]
set_property PROGRAM.FILE {D:/Vivado_Program_Files/20170711_ESP8266/ESP8266_Config_0.1.2/ESP8266_Config_0.1.2.runs/impl_1/ESP8266_ClientConfig.bit} [lindex [get_hw_devices] 0]
program_hw_devices [lindex [get_hw_devices] 0]
refresh_hw_device [lindex [get_hw_devices] 0]
run_hw_ila [get_hw_ilas -of_objects [get_hw_devices xc7a35t_0] -filter {CELL_NAME=~"inst_ila_uart"}]
wait_on_hw_ila [get_hw_ilas -of_objects [get_hw_devices xc7a35t_0] -filter {CELL_NAME=~"inst_ila_uart"}]
display_hw_ila_data [upload_hw_ila_data [get_hw_ilas -of_objects [get_hw_devices xc7a35t_0] -filter {CELL_NAME=~"inst_ila_uart"}]]
set_property TRIGGER_COMPARE_VALUE eq1'h1 [get_hw_probes model_change_tick -of_objects [get_hw_ilas -of_objects [get_hw_devices xc7a35t_0] -filter {CELL_NAME=~"inst_ila_uart"}]]
run_hw_ila [get_hw_ilas -of_objects [get_hw_devices xc7a35t_0] -filter {CELL_NAME=~"inst_ila_uart"}]
wait_on_hw_ila [get_hw_ilas -of_objects [get_hw_devices xc7a35t_0] -filter {CELL_NAME=~"inst_ila_uart"}]
display_hw_ila_data [upload_hw_ila_data [get_hw_ilas -of_objects [get_hw_devices xc7a35t_0] -filter {CELL_NAME=~"inst_ila_uart"}]]
add_wave -into {hw_ila_data_1.wcfg} -radix hex {model_change_tick}
run_hw_ila [get_hw_ilas -of_objects [get_hw_devices xc7a35t_0] -filter {CELL_NAME=~"inst_ila_uart"}] -trigger_now
wait_on_hw_ila [get_hw_ilas -of_objects [get_hw_devices xc7a35t_0] -filter {CELL_NAME=~"inst_ila_uart"}]
display_hw_ila_data [upload_hw_ila_data [get_hw_ilas -of_objects [get_hw_devices xc7a35t_0] -filter {CELL_NAME=~"inst_ila_uart"}]]
run_hw_ila [get_hw_ilas -of_objects [get_hw_devices xc7a35t_0] -filter {CELL_NAME=~"inst_ila_uart"}] -trigger_now
wait_on_hw_ila [get_hw_ilas -of_objects [get_hw_devices xc7a35t_0] -filter {CELL_NAME=~"inst_ila_uart"}]
display_hw_ila_data [upload_hw_ila_data [get_hw_ilas -of_objects [get_hw_devices xc7a35t_0] -filter {CELL_NAME=~"inst_ila_uart"}]]
reset_run synth_1
launch_runs impl_1 -to_step write_bitstream -jobs 4
wait_on_run impl_1
set_property PROBES.FILE {D:/Vivado_Program_Files/20170711_ESP8266/ESP8266_Config_0.1.2/ESP8266_Config_0.1.2.runs/impl_1/debug_nets.ltx} [lindex [get_hw_devices] 0]
set_property PROGRAM.FILE {D:/Vivado_Program_Files/20170711_ESP8266/ESP8266_Config_0.1.2/ESP8266_Config_0.1.2.runs/impl_1/ESP8266_ClientConfig.bit} [lindex [get_hw_devices] 0]
program_hw_devices [lindex [get_hw_devices] 0]
refresh_hw_device [lindex [get_hw_devices] 0]
reset_run synth_1
launch_runs impl_1 -to_step write_bitstream -jobs 4
wait_on_run impl_1
reset_run synth_1
launch_runs impl_1 -to_step write_bitstream -jobs 4
wait_on_run impl_1
reset_run synth_1
launch_runs impl_1 -to_step write_bitstream -jobs 4
wait_on_run impl_1
set_property PROBES.FILE {D:/Vivado_Program_Files/20170711_ESP8266/ESP8266_Config_0.1.2/ESP8266_Config_0.1.2.runs/impl_1/debug_nets.ltx} [lindex [get_hw_devices] 0]
set_property PROGRAM.FILE {D:/Vivado_Program_Files/20170711_ESP8266/ESP8266_Config_0.1.2/ESP8266_Config_0.1.2.runs/impl_1/ESP8266_ClientConfig.bit} [lindex [get_hw_devices] 0]
program_hw_devices [lindex [get_hw_devices] 0]
refresh_hw_device [lindex [get_hw_devices] 0]
disconnect_hw_server localhost:3121
connect_hw_server -url localhost:3121
current_hw_target [get_hw_targets */xilinx_tcf/Digilent/210183A2801AA]
set_property PARAM.FREQUENCY 500000 [get_hw_targets */xilinx_tcf/Digilent/210183A2801AA]
open_hw_target
set_property PROGRAM.FILE {D:/Vivado_Program_Files/20170711_ESP8266/ESP8266_Config_0.1.2/ESP8266_Config_0.1.2.runs/impl_1/ESP8266_ClientConfig.bit} [lindex [get_hw_devices] 0]
set_property PROBES.FILE {D:/Vivado_Program_Files/20170711_ESP8266/ESP8266_Config_0.1.2/ESP8266_Config_0.1.2.runs/impl_1/debug_nets.ltx} [lindex [get_hw_devices] 0]
current_hw_device [lindex [get_hw_devices] 0]
refresh_hw_device [lindex [get_hw_devices] 0]
set_property PROBES.FILE {D:/Vivado_Program_Files/20170711_ESP8266/ESP8266_Config_0.1.2/ESP8266_Config_0.1.2.runs/impl_1/debug_nets.ltx} [lindex [get_hw_devices] 0]
set_property PROGRAM.FILE {D:/Vivado_Program_Files/20170711_ESP8266/ESP8266_Config_0.1.2/ESP8266_Config_0.1.2.runs/impl_1/ESP8266_ClientConfig.bit} [lindex [get_hw_devices] 0]
program_hw_devices [lindex [get_hw_devices] 0]
refresh_hw_device [lindex [get_hw_devices] 0]
display_hw_ila_data [ get_hw_ila_data hw_ila_data_1 -of_objects [get_hw_ilas -of_objects [get_hw_devices xc7a35t_0] -filter {CELL_NAME=~"inst_ila_uart"}]]
reset_run synth_1
launch_runs impl_1 -to_step write_bitstream -jobs 4
wait_on_run impl_1
set_property PROBES.FILE {D:/Vivado_Program_Files/20170711_ESP8266/ESP8266_Config_0.1.2/ESP8266_Config_0.1.2.runs/impl_1/debug_nets.ltx} [lindex [get_hw_devices] 0]
set_property PROGRAM.FILE {D:/Vivado_Program_Files/20170711_ESP8266/ESP8266_Config_0.1.2/ESP8266_Config_0.1.2.runs/impl_1/ESP8266_ClientConfig.bit} [lindex [get_hw_devices] 0]
program_hw_devices [lindex [get_hw_devices] 0]
refresh_hw_device [lindex [get_hw_devices] 0]
update_compile_order -fileset sources_1
update_compile_order -fileset sources_1
update_compile_order -fileset sources_1
update_compile_order -fileset sources_1
update_compile_order -fileset sources_1
update_compile_order -fileset sources_1
update_compile_order -fileset sources_1
update_compile_order -fileset sources_1
update_compile_order -fileset sources_1
update_compile_order -fileset sources_1
update_compile_order -fileset sources_1
update_compile_order -fileset sources_1
reset_run synth_1
launch_runs impl_1 -to_step write_bitstream -jobs 4
wait_on_run impl_1
reset_run synth_1
launch_runs impl_1 -to_step write_bitstream -jobs 4
wait_on_run impl_1
set_property PROBES.FILE {D:/Vivado_Program_Files/20170711_ESP8266/ESP8266_Config_0.1.2/ESP8266_Config_0.1.2.runs/impl_1/debug_nets.ltx} [lindex [get_hw_devices] 0]
set_property PROGRAM.FILE {D:/Vivado_Program_Files/20170711_ESP8266/ESP8266_Config_0.1.2/ESP8266_Config_0.1.2.runs/impl_1/ESP8266_ClientConfig.bit} [lindex [get_hw_devices] 0]
program_hw_devices [lindex [get_hw_devices] 0]
refresh_hw_device [lindex [get_hw_devices] 0]
reset_run impl_1 -prev_step 
launch_runs impl_1 -to_step write_bitstream -jobs 4
wait_on_run impl_1
set_property PROBES.FILE {D:/Vivado_Program_Files/20170711_ESP8266/ESP8266_Config_0.1.2/ESP8266_Config_0.1.2.runs/impl_1/debug_nets.ltx} [lindex [get_hw_devices] 0]
set_property PROGRAM.FILE {D:/Vivado_Program_Files/20170711_ESP8266/ESP8266_Config_0.1.2/ESP8266_Config_0.1.2.runs/impl_1/ESP8266_ClientConfig.bit} [lindex [get_hw_devices] 0]
program_hw_devices [lindex [get_hw_devices] 0]
refresh_hw_device [lindex [get_hw_devices] 0]
set_property PROBES.FILE {D:/Vivado_Program_Files/20170711_ESP8266/ESP8266_Config_0.1.2/ESP8266_Config_0.1.2.runs/impl_1/debug_nets.ltx} [lindex [get_hw_devices] 0]
set_property PROGRAM.FILE {D:/Vivado_Program_Files/20170711_ESP8266/ESP8266_Config_0.1.2/ESP8266_Config_0.1.2.runs/impl_1/ESP8266_ClientConfig.bit} [lindex [get_hw_devices] 0]
program_hw_devices [lindex [get_hw_devices] 0]
refresh_hw_device [lindex [get_hw_devices] 0]
disconnect_hw_server localhost:3121
connect_hw_server -url localhost:3121
current_hw_target [get_hw_targets */xilinx_tcf/Digilent/210183A2801AA]
set_property PARAM.FREQUENCY 1000000 [get_hw_targets */xilinx_tcf/Digilent/210183A2801AA]
open_hw_target
set_property PROGRAM.FILE {D:/Vivado_Program_Files/20170711_ESP8266/ESP8266_Config_0.1.2/ESP8266_Config_0.1.2.runs/impl_1/ESP8266_ClientConfig.bit} [lindex [get_hw_devices] 0]
set_property PROBES.FILE {D:/Vivado_Program_Files/20170711_ESP8266/ESP8266_Config_0.1.2/ESP8266_Config_0.1.2.runs/impl_1/debug_nets.ltx} [lindex [get_hw_devices] 0]
current_hw_device [lindex [get_hw_devices] 0]
refresh_hw_device [lindex [get_hw_devices] 0]
set_property PROBES.FILE {D:/Vivado_Program_Files/20170711_ESP8266/ESP8266_Config_0.1.2/ESP8266_Config_0.1.2.runs/impl_1/debug_nets.ltx} [lindex [get_hw_devices] 0]
set_property PROGRAM.FILE {D:/Vivado_Program_Files/20170711_ESP8266/ESP8266_Config_0.1.2/ESP8266_Config_0.1.2.runs/impl_1/ESP8266_ClientConfig.bit} [lindex [get_hw_devices] 0]
program_hw_devices [lindex [get_hw_devices] 0]
refresh_hw_device [lindex [get_hw_devices] 0]
display_hw_ila_data [ get_hw_ila_data hw_ila_data_1 -of_objects [get_hw_ilas -of_objects [get_hw_devices xc7a35t_0] -filter {CELL_NAME=~"inst_ila_uart"}]]
reset_run synth_1
launch_runs impl_1 -to_step write_bitstream -jobs 4
wait_on_run impl_1
set_property PROBES.FILE {D:/Vivado_Program_Files/20170711_ESP8266/ESP8266_Config_0.1.2/ESP8266_Config_0.1.2.runs/impl_1/debug_nets.ltx} [lindex [get_hw_devices] 0]
set_property PROGRAM.FILE {D:/Vivado_Program_Files/20170711_ESP8266/ESP8266_Config_0.1.2/ESP8266_Config_0.1.2.runs/impl_1/ESP8266_ClientConfig.bit} [lindex [get_hw_devices] 0]
program_hw_devices [lindex [get_hw_devices] 0]
refresh_hw_device [lindex [get_hw_devices] 0]
run_hw_ila [get_hw_ilas -of_objects [get_hw_devices xc7a35t_0] -filter {CELL_NAME=~"inst_ila_uart"}] -trigger_now
wait_on_hw_ila [get_hw_ilas -of_objects [get_hw_devices xc7a35t_0] -filter {CELL_NAME=~"inst_ila_uart"}]
display_hw_ila_data [upload_hw_ila_data [get_hw_ilas -of_objects [get_hw_devices xc7a35t_0] -filter {CELL_NAME=~"inst_ila_uart"}]]
reset_run impl_1 -prev_step 
launch_runs impl_1 -to_step write_bitstream -jobs 4
wait_on_run impl_1
set_property PROBES.FILE {D:/Vivado_Program_Files/20170711_ESP8266/ESP8266_Config_0.1.2/ESP8266_Config_0.1.2.runs/impl_1/debug_nets.ltx} [lindex [get_hw_devices] 0]
set_property PROGRAM.FILE {D:/Vivado_Program_Files/20170711_ESP8266/ESP8266_Config_0.1.2/ESP8266_Config_0.1.2.runs/impl_1/ESP8266_ClientConfig.bit} [lindex [get_hw_devices] 0]
program_hw_devices [lindex [get_hw_devices] 0]
refresh_hw_device [lindex [get_hw_devices] 0]
disconnect_hw_server localhost:3121
connect_hw_server -url localhost:3121
current_hw_target [get_hw_targets */xilinx_tcf/Digilent/210183A2801AA]
set_property PARAM.FREQUENCY 1000000 [get_hw_targets */xilinx_tcf/Digilent/210183A2801AA]
open_hw_target
set_property PROGRAM.FILE {D:/Vivado_Program_Files/20170711_ESP8266/ESP8266_Config_0.1.2/ESP8266_Config_0.1.2.runs/impl_1/ESP8266_ClientConfig.bit} [lindex [get_hw_devices] 0]
set_property PROBES.FILE {D:/Vivado_Program_Files/20170711_ESP8266/ESP8266_Config_0.1.2/ESP8266_Config_0.1.2.runs/impl_1/debug_nets.ltx} [lindex [get_hw_devices] 0]
current_hw_device [lindex [get_hw_devices] 0]
refresh_hw_device [lindex [get_hw_devices] 0]
set_property PROBES.FILE {D:/Vivado_Program_Files/20170711_ESP8266/ESP8266_Config_0.1.2/ESP8266_Config_0.1.2.runs/impl_1/debug_nets.ltx} [lindex [get_hw_devices] 0]
set_property PROGRAM.FILE {D:/Vivado_Program_Files/20170711_ESP8266/ESP8266_Config_0.1.2/ESP8266_Config_0.1.2.runs/impl_1/ESP8266_ClientConfig.bit} [lindex [get_hw_devices] 0]
program_hw_devices [lindex [get_hw_devices] 0]
refresh_hw_device [lindex [get_hw_devices] 0]
display_hw_ila_data [ get_hw_ila_data hw_ila_data_1 -of_objects [get_hw_ilas -of_objects [get_hw_devices xc7a35t_0] -filter {CELL_NAME=~"inst_ila_uart"}]]
run_hw_ila [get_hw_ilas -of_objects [get_hw_devices xc7a35t_0] -filter {CELL_NAME=~"inst_ila_uart"}]
wait_on_hw_ila [get_hw_ilas -of_objects [get_hw_devices xc7a35t_0] -filter {CELL_NAME=~"inst_ila_uart"}]
display_hw_ila_data [upload_hw_ila_data [get_hw_ilas -of_objects [get_hw_devices xc7a35t_0] -filter {CELL_NAME=~"inst_ila_uart"}]]
run_hw_ila [get_hw_ilas -of_objects [get_hw_devices xc7a35t_0] -filter {CELL_NAME=~"inst_ila_uart"}]
wait_on_hw_ila [get_hw_ilas -of_objects [get_hw_devices xc7a35t_0] -filter {CELL_NAME=~"inst_ila_uart"}]
display_hw_ila_data [upload_hw_ila_data [get_hw_ilas -of_objects [get_hw_devices xc7a35t_0] -filter {CELL_NAME=~"inst_ila_uart"}]]
reset_run synth_1
launch_runs impl_1 -to_step write_bitstream -jobs 4
wait_on_run impl_1
set_property PROBES.FILE {D:/Vivado_Program_Files/20170711_ESP8266/ESP8266_Config_0.1.2/ESP8266_Config_0.1.2.runs/impl_1/debug_nets.ltx} [lindex [get_hw_devices] 0]
set_property PROGRAM.FILE {D:/Vivado_Program_Files/20170711_ESP8266/ESP8266_Config_0.1.2/ESP8266_Config_0.1.2.runs/impl_1/ESP8266_ClientConfig.bit} [lindex [get_hw_devices] 0]
program_hw_devices [lindex [get_hw_devices] 0]
refresh_hw_device [lindex [get_hw_devices] 0]
set_property PROBES.FILE {D:/Vivado_Program_Files/20170711_ESP8266/ESP8266_Config_0.1.2/ESP8266_Config_0.1.2.runs/impl_1/debug_nets.ltx} [lindex [get_hw_devices] 0]
set_property PROGRAM.FILE {D:/Vivado_Program_Files/20170711_ESP8266/ESP8266_Config_0.1.2/ESP8266_Config_0.1.2.runs/impl_1/ESP8266_ClientConfig.bit} [lindex [get_hw_devices] 0]
program_hw_devices [lindex [get_hw_devices] 0]
refresh_hw_device [lindex [get_hw_devices] 0]
add_wave -into {hw_ila_data_1.wcfg} -radix hex {cmd_over}
run_hw_ila [get_hw_ilas -of_objects [get_hw_devices xc7a35t_0] -filter {CELL_NAME=~"inst_ila_uart"}]
wait_on_hw_ila [get_hw_ilas -of_objects [get_hw_devices xc7a35t_0] -filter {CELL_NAME=~"inst_ila_uart"}]
display_hw_ila_data [upload_hw_ila_data [get_hw_ilas -of_objects [get_hw_devices xc7a35t_0] -filter {CELL_NAME=~"inst_ila_uart"}]]
run_hw_ila [get_hw_ilas -of_objects [get_hw_devices xc7a35t_0] -filter {CELL_NAME=~"inst_ila_uart"}]
wait_on_hw_ila [get_hw_ilas -of_objects [get_hw_devices xc7a35t_0] -filter {CELL_NAME=~"inst_ila_uart"}]
display_hw_ila_data [upload_hw_ila_data [get_hw_ilas -of_objects [get_hw_devices xc7a35t_0] -filter {CELL_NAME=~"inst_ila_uart"}]]
set_property TRIGGER_COMPARE_VALUE eq1'h1 [get_hw_probes cmd_over -of_objects [get_hw_ilas -of_objects [get_hw_devices xc7a35t_0] -filter {CELL_NAME=~"inst_ila_uart"}]]
run_hw_ila [get_hw_ilas -of_objects [get_hw_devices xc7a35t_0] -filter {CELL_NAME=~"inst_ila_uart"}]
wait_on_hw_ila [get_hw_ilas -of_objects [get_hw_devices xc7a35t_0] -filter {CELL_NAME=~"inst_ila_uart"}]
display_hw_ila_data [upload_hw_ila_data [get_hw_ilas -of_objects [get_hw_devices xc7a35t_0] -filter {CELL_NAME=~"inst_ila_uart"}]]
run_hw_ila [get_hw_ilas -of_objects [get_hw_devices xc7a35t_0] -filter {CELL_NAME=~"inst_ila_uart"}]
wait_on_hw_ila [get_hw_ilas -of_objects [get_hw_devices xc7a35t_0] -filter {CELL_NAME=~"inst_ila_uart"}]
display_hw_ila_data [upload_hw_ila_data [get_hw_ilas -of_objects [get_hw_devices xc7a35t_0] -filter {CELL_NAME=~"inst_ila_uart"}]]
run_hw_ila [get_hw_ilas -of_objects [get_hw_devices xc7a35t_0] -filter {CELL_NAME=~"inst_ila_uart"}]
wait_on_hw_ila [get_hw_ilas -of_objects [get_hw_devices xc7a35t_0] -filter {CELL_NAME=~"inst_ila_uart"}]
display_hw_ila_data [upload_hw_ila_data [get_hw_ilas -of_objects [get_hw_devices xc7a35t_0] -filter {CELL_NAME=~"inst_ila_uart"}]]
run_hw_ila [get_hw_ilas -of_objects [get_hw_devices xc7a35t_0] -filter {CELL_NAME=~"inst_ila_uart"}]
disconnect_hw_server localhost:3121
connect_hw_server -url localhost:3121
disconnect_hw_server localhost:3121
connect_hw_server -url localhost:3121
disconnect_hw_server localhost:3121
connect_hw_server -url localhost:3121
disconnect_hw_server localhost:3121
reset_run impl_1 -prev_step 
launch_runs impl_1 -to_step write_bitstream -jobs 4
wait_on_run impl_1
connect_hw_server -url localhost:3121
current_hw_target [get_hw_targets */xilinx_tcf/Digilent/210183A2801AA]
set_property PARAM.FREQUENCY 1000000 [get_hw_targets */xilinx_tcf/Digilent/210183A2801AA]
open_hw_target
set_property PROGRAM.FILE {D:/Vivado_Program_Files/20170711_ESP8266/ESP8266_Config_0.1.2/ESP8266_Config_0.1.2.runs/impl_1/ESP8266_ClientConfig.bit} [lindex [get_hw_devices] 0]
set_property PROBES.FILE {D:/Vivado_Program_Files/20170711_ESP8266/ESP8266_Config_0.1.2/ESP8266_Config_0.1.2.runs/impl_1/debug_nets.ltx} [lindex [get_hw_devices] 0]
current_hw_device [lindex [get_hw_devices] 0]
refresh_hw_device [lindex [get_hw_devices] 0]
set_property PROBES.FILE {D:/Vivado_Program_Files/20170711_ESP8266/ESP8266_Config_0.1.2/ESP8266_Config_0.1.2.runs/impl_1/debug_nets.ltx} [lindex [get_hw_devices] 0]
set_property PROGRAM.FILE {D:/Vivado_Program_Files/20170711_ESP8266/ESP8266_Config_0.1.2/ESP8266_Config_0.1.2.runs/impl_1/ESP8266_ClientConfig.bit} [lindex [get_hw_devices] 0]
program_hw_devices [lindex [get_hw_devices] 0]
refresh_hw_device [lindex [get_hw_devices] 0]
display_hw_ila_data [ get_hw_ila_data hw_ila_data_1 -of_objects [get_hw_ilas -of_objects [get_hw_devices xc7a35t_0] -filter {CELL_NAME=~"inst_ila_uart"}]]
reset_run synth_1
launch_runs impl_1 -to_step write_bitstream -jobs 4
wait_on_run impl_1
run_hw_ila [get_hw_ilas -of_objects [get_hw_devices xc7a35t_0] -filter {CELL_NAME=~"inst_ila_uart"}]
wait_on_hw_ila [get_hw_ilas -of_objects [get_hw_devices xc7a35t_0] -filter {CELL_NAME=~"inst_ila_uart"}]
display_hw_ila_data [upload_hw_ila_data [get_hw_ilas -of_objects [get_hw_devices xc7a35t_0] -filter {CELL_NAME=~"inst_ila_uart"}]]
add_wave -into {hw_ila_data_1.wcfg} -radix hex {cmd_over}
run_hw_ila [get_hw_ilas -of_objects [get_hw_devices xc7a35t_0] -filter {CELL_NAME=~"inst_ila_uart"}]
wait_on_hw_ila [get_hw_ilas -of_objects [get_hw_devices xc7a35t_0] -filter {CELL_NAME=~"inst_ila_uart"}]
display_hw_ila_data [upload_hw_ila_data [get_hw_ilas -of_objects [get_hw_devices xc7a35t_0] -filter {CELL_NAME=~"inst_ila_uart"}]]
run_hw_ila [get_hw_ilas -of_objects [get_hw_devices xc7a35t_0] -filter {CELL_NAME=~"inst_ila_uart"}]
wait_on_hw_ila [get_hw_ilas -of_objects [get_hw_devices xc7a35t_0] -filter {CELL_NAME=~"inst_ila_uart"}]
display_hw_ila_data [upload_hw_ila_data [get_hw_ilas -of_objects [get_hw_devices xc7a35t_0] -filter {CELL_NAME=~"inst_ila_uart"}]]
run_hw_ila [get_hw_ilas -of_objects [get_hw_devices xc7a35t_0] -filter {CELL_NAME=~"inst_ila_uart"}]
wait_on_hw_ila [get_hw_ilas -of_objects [get_hw_devices xc7a35t_0] -filter {CELL_NAME=~"inst_ila_uart"}]
display_hw_ila_data [upload_hw_ila_data [get_hw_ilas -of_objects [get_hw_devices xc7a35t_0] -filter {CELL_NAME=~"inst_ila_uart"}]]
run_hw_ila [get_hw_ilas -of_objects [get_hw_devices xc7a35t_0] -filter {CELL_NAME=~"inst_ila_uart"}]
wait_on_hw_ila [get_hw_ilas -of_objects [get_hw_devices xc7a35t_0] -filter {CELL_NAME=~"inst_ila_uart"}]
display_hw_ila_data [upload_hw_ila_data [get_hw_ilas -of_objects [get_hw_devices xc7a35t_0] -filter {CELL_NAME=~"inst_ila_uart"}]]
run_hw_ila [get_hw_ilas -of_objects [get_hw_devices xc7a35t_0] -filter {CELL_NAME=~"inst_ila_uart"}]
wait_on_hw_ila [get_hw_ilas -of_objects [get_hw_devices xc7a35t_0] -filter {CELL_NAME=~"inst_ila_uart"}]
display_hw_ila_data [upload_hw_ila_data [get_hw_ilas -of_objects [get_hw_devices xc7a35t_0] -filter {CELL_NAME=~"inst_ila_uart"}]]
set_property PROBES.FILE {D:/Vivado_Program_Files/20170711_ESP8266/ESP8266_Config_0.1.2/ESP8266_Config_0.1.2.runs/impl_1/debug_nets.ltx} [lindex [get_hw_devices] 0]
set_property PROGRAM.FILE {D:/Vivado_Program_Files/20170711_ESP8266/ESP8266_Config_0.1.2/ESP8266_Config_0.1.2.runs/impl_1/ESP8266_ClientConfig.bit} [lindex [get_hw_devices] 0]
program_hw_devices [lindex [get_hw_devices] 0]
refresh_hw_device [lindex [get_hw_devices] 0]
synth_design -rtl -name rtl_1
refresh_design
launch_simulation
source tb_ESP8266_ClientConfig.tcl
add_wave {{/tb_ESP8266_ClientConfig/inst_ESP8266_ClientConfig}} 
relaunch_sim
run 10 ms
close_sim
launch_simulation
source tb_ESP8266_ClientConfig.tcl
add_wave {{/tb_ESP8266_ClientConfig/inst_ESP8266_ClientConfig}} 
relaunch_sim
run 10 ms
close_sim
launch_simulation
refresh_design
launch_simulation
launch_simulation
launch_simulation
launch_simulation
launch_simulation
launch_simulation
launch_simulation
source tb_ESP8266_ClientConfig.tcl
add_wave {{/tb_ESP8266_ClientConfig/inst_ESP8266_ClientConfig}} 
relaunch_sim
run 10 ms
reset_run synth_1
launch_runs impl_1 -to_step write_bitstream -jobs 4
wait_on_run impl_1
relaunch_sim
run 10 ms
reset_run synth_1
launch_runs impl_1 -to_step write_bitstream -jobs 4
wait_on_run impl_1
disconnect_hw_server localhost:3121
connect_hw_server -url localhost:3121
current_hw_target [get_hw_targets */xilinx_tcf/Digilent/210183A2801AA]
set_property PARAM.FREQUENCY 1000000 [get_hw_targets */xilinx_tcf/Digilent/210183A2801AA]
open_hw_target
set_property PROGRAM.FILE {D:/Vivado_Program_Files/20170711_ESP8266/ESP8266_Config_0.1.2/ESP8266_Config_0.1.2.runs/impl_1/ESP8266_ClientConfig.bit} [lindex [get_hw_devices] 0]
set_property PROBES.FILE {D:/Vivado_Program_Files/20170711_ESP8266/ESP8266_Config_0.1.2/ESP8266_Config_0.1.2.runs/impl_1/debug_nets.ltx} [lindex [get_hw_devices] 0]
current_hw_device [lindex [get_hw_devices] 0]
refresh_hw_device [lindex [get_hw_devices] 0]
set_property PROBES.FILE {D:/Vivado_Program_Files/20170711_ESP8266/ESP8266_Config_0.1.2/ESP8266_Config_0.1.2.runs/impl_1/debug_nets.ltx} [lindex [get_hw_devices] 0]
set_property PROGRAM.FILE {D:/Vivado_Program_Files/20170711_ESP8266/ESP8266_Config_0.1.2/ESP8266_Config_0.1.2.runs/impl_1/ESP8266_ClientConfig.bit} [lindex [get_hw_devices] 0]
program_hw_devices [lindex [get_hw_devices] 0]
refresh_hw_device [lindex [get_hw_devices] 0]
display_hw_ila_data [ get_hw_ila_data hw_ila_data_1 -of_objects [get_hw_ilas -of_objects [get_hw_devices xc7a35t_0] -filter {CELL_NAME=~"inst_ila_uart"}]]
run_hw_ila [get_hw_ilas -of_objects [get_hw_devices xc7a35t_0] -filter {CELL_NAME=~"inst_ila_uart"}]
wait_on_hw_ila [get_hw_ilas -of_objects [get_hw_devices xc7a35t_0] -filter {CELL_NAME=~"inst_ila_uart"}]
display_hw_ila_data [upload_hw_ila_data [get_hw_ilas -of_objects [get_hw_devices xc7a35t_0] -filter {CELL_NAME=~"inst_ila_uart"}]]
run_hw_ila [get_hw_ilas -of_objects [get_hw_devices xc7a35t_0] -filter {CELL_NAME=~"inst_ila_uart"}]
wait_on_hw_ila [get_hw_ilas -of_objects [get_hw_devices xc7a35t_0] -filter {CELL_NAME=~"inst_ila_uart"}]
display_hw_ila_data [upload_hw_ila_data [get_hw_ilas -of_objects [get_hw_devices xc7a35t_0] -filter {CELL_NAME=~"inst_ila_uart"}]]
run_hw_ila [get_hw_ilas -of_objects [get_hw_devices xc7a35t_0] -filter {CELL_NAME=~"inst_ila_uart"}]
wait_on_hw_ila [get_hw_ilas -of_objects [get_hw_devices xc7a35t_0] -filter {CELL_NAME=~"inst_ila_uart"}]
display_hw_ila_data [upload_hw_ila_data [get_hw_ilas -of_objects [get_hw_devices xc7a35t_0] -filter {CELL_NAME=~"inst_ila_uart"}]]
set_property PROBES.FILE {D:/Vivado_Program_Files/20170711_ESP8266/ESP8266_Config_0.1.2/ESP8266_Config_0.1.2.runs/impl_1/debug_nets.ltx} [lindex [get_hw_devices] 0]
set_property PROGRAM.FILE {D:/Vivado_Program_Files/20170711_ESP8266/ESP8266_Config_0.1.2/ESP8266_Config_0.1.2.runs/impl_1/ESP8266_ClientConfig.bit} [lindex [get_hw_devices] 0]
program_hw_devices [lindex [get_hw_devices] 0]
refresh_hw_device [lindex [get_hw_devices] 0]
