#-----------------------------------------------------------
# Vivado v2015.4 (64-bit)
# SW Build 1412921 on Wed Nov 18 09:43:45 MST 2015
# IP Build 1412160 on Tue Nov 17 13:47:24 MST 2015
# Start of session at: Fri Jul 21 10:22:53 2017
# Process ID: 788
# Current directory: D:/Vivado_Program_Files/20170711_ESP8266/ESP8266_Config_0.3
# Command line: vivado.exe -gui_launcher_event rodinguilauncherevent4464 D:\Vivado_Program_Files\20170711_ESP8266\ESP8266_Config_0.3\ESP8266_Config_0.3.xpr
# Log file: D:/Vivado_Program_Files/20170711_ESP8266/ESP8266_Config_0.3/vivado.log
# Journal file: D:/Vivado_Program_Files/20170711_ESP8266/ESP8266_Config_0.3\vivado.jou
#-----------------------------------------------------------
start_gui
open_project D:/Vivado_Program_Files/20170711_ESP8266/ESP8266_Config_0.3/ESP8266_Config_0.3.xpr
close_project
open_project D:/Vivado_Program_Files/20170711_ESP8266/ESP8266_Config_0.1/ESP8266_Config_0.1.xpr
reset_run impl_1 -prev_step 
launch_runs impl_1 -to_step write_bitstream -jobs 4
wait_on_run impl_1
open_hw
connect_hw_server -url localhost:3121
current_hw_target [get_hw_targets */xilinx_tcf/Digilent/210183736814A]
set_property PARAM.FREQUENCY 1000000 [get_hw_targets */xilinx_tcf/Digilent/210183736814A]
open_hw_target
set_property PROGRAM.FILE {D:/Vivado_Program_Files/20170711_ESP8266/ESP8266_Config_0.1/ESP8266_Config_0.1.runs/impl_1/ESP8266_ClientConfig.bit} [lindex [get_hw_devices] 0]
set_property PROBES.FILE {D:/Vivado_Program_Files/20170711_ESP8266/ESP8266_Config_0.1/ESP8266_Config_0.1.runs/impl_1/debug_nets.ltx} [lindex [get_hw_devices] 0]
current_hw_device [lindex [get_hw_devices] 0]
refresh_hw_device [lindex [get_hw_devices] 0]
set_property PROBES.FILE {D:/Vivado_Program_Files/20170711_ESP8266/ESP8266_Config_0.1/ESP8266_Config_0.1.runs/impl_1/debug_nets.ltx} [lindex [get_hw_devices] 0]
set_property PROGRAM.FILE {D:/Vivado_Program_Files/20170711_ESP8266/ESP8266_Config_0.1/ESP8266_Config_0.1.runs/impl_1/ESP8266_ClientConfig.bit} [lindex [get_hw_devices] 0]
program_hw_devices [lindex [get_hw_devices] 0]
refresh_hw_device [lindex [get_hw_devices] 0]
display_hw_ila_data [ get_hw_ila_data hw_ila_data_1 -of_objects [get_hw_ilas -of_objects [get_hw_devices xc7a35t_0] -filter {CELL_NAME=~"inst_ila_uart"}]]
run_hw_ila [get_hw_ilas -of_objects [get_hw_devices xc7a35t_0] -filter {CELL_NAME=~"inst_ila_uart"}]
wait_on_hw_ila [get_hw_ilas -of_objects [get_hw_devices xc7a35t_0] -filter {CELL_NAME=~"inst_ila_uart"}]
display_hw_ila_data [upload_hw_ila_data [get_hw_ilas -of_objects [get_hw_devices xc7a35t_0] -filter {CELL_NAME=~"inst_ila_uart"}]]
disconnect_hw_server localhost:3121
connect_hw_server -url localhost:3121
current_hw_target [get_hw_targets */xilinx_tcf/Digilent/210183736814A]
set_property PARAM.FREQUENCY 1000000 [get_hw_targets */xilinx_tcf/Digilent/210183736814A]
open_hw_target
set_property PROGRAM.FILE {D:/Vivado_Program_Files/20170711_ESP8266/ESP8266_Config_0.1/ESP8266_Config_0.1.runs/impl_1/ESP8266_ClientConfig.bit} [lindex [get_hw_devices] 0]
set_property PROBES.FILE {D:/Vivado_Program_Files/20170711_ESP8266/ESP8266_Config_0.1/ESP8266_Config_0.1.runs/impl_1/debug_nets.ltx} [lindex [get_hw_devices] 0]
current_hw_device [lindex [get_hw_devices] 0]
refresh_hw_device [lindex [get_hw_devices] 0]
set_property PROBES.FILE {D:/Vivado_Program_Files/20170711_ESP8266/ESP8266_Config_0.1/ESP8266_Config_0.1.runs/impl_1/debug_nets.ltx} [lindex [get_hw_devices] 0]
set_property PROGRAM.FILE {D:/Vivado_Program_Files/20170711_ESP8266/ESP8266_Config_0.1/ESP8266_Config_0.1.runs/impl_1/ESP8266_ClientConfig.bit} [lindex [get_hw_devices] 0]
program_hw_devices [lindex [get_hw_devices] 0]
refresh_hw_device [lindex [get_hw_devices] 0]
display_hw_ila_data [ get_hw_ila_data hw_ila_data_1 -of_objects [get_hw_ilas -of_objects [get_hw_devices xc7a35t_0] -filter {CELL_NAME=~"inst_ila_uart"}]]
set_property PROBES.FILE {D:/Vivado_Program_Files/20170711_ESP8266/ESP8266_Config_0.1/ESP8266_Config_0.1.runs/impl_1/debug_nets.ltx} [lindex [get_hw_devices] 0]
set_property PROGRAM.FILE {D:/Vivado_Program_Files/20170711_ESP8266/ESP8266_Config_0.1/ESP8266_Config_0.1.runs/impl_1/ESP8266_ClientConfig.bit} [lindex [get_hw_devices] 0]
program_hw_devices [lindex [get_hw_devices] 0]
refresh_hw_device [lindex [get_hw_devices] 0]
run_hw_ila [get_hw_ilas -of_objects [get_hw_devices xc7a35t_0] -filter {CELL_NAME=~"inst_ila_uart"}]
wait_on_hw_ila [get_hw_ilas -of_objects [get_hw_devices xc7a35t_0] -filter {CELL_NAME=~"inst_ila_uart"}]
display_hw_ila_data [upload_hw_ila_data [get_hw_ilas -of_objects [get_hw_devices xc7a35t_0] -filter {CELL_NAME=~"inst_ila_uart"}]]
run_hw_ila [get_hw_ilas -of_objects [get_hw_devices xc7a35t_0] -filter {CELL_NAME=~"inst_ila_uart"}]
wait_on_hw_ila [get_hw_ilas -of_objects [get_hw_devices xc7a35t_0] -filter {CELL_NAME=~"inst_ila_uart"}]
display_hw_ila_data [upload_hw_ila_data [get_hw_ilas -of_objects [get_hw_devices xc7a35t_0] -filter {CELL_NAME=~"inst_ila_uart"}]]
run_hw_ila [get_hw_ilas -of_objects [get_hw_devices xc7a35t_0] -filter {CELL_NAME=~"inst_ila_uart"}]
wait_on_hw_ila [get_hw_ilas -of_objects [get_hw_devices xc7a35t_0] -filter {CELL_NAME=~"inst_ila_uart"}]
display_hw_ila_data [upload_hw_ila_data [get_hw_ilas -of_objects [get_hw_devices xc7a35t_0] -filter {CELL_NAME=~"inst_ila_uart"}]]
run_hw_ila [get_hw_ilas -of_objects [get_hw_devices xc7a35t_0] -filter {CELL_NAME=~"inst_ila_uart"}]
run_hw_ila [get_hw_ilas -of_objects [get_hw_devices xc7a35t_0] -filter {CELL_NAME=~"inst_ila_uart"}]
set_property PROBES.FILE {D:/Vivado_Program_Files/20170711_ESP8266/ESP8266_Config_0.1/ESP8266_Config_0.1.runs/impl_1/debug_nets.ltx} [lindex [get_hw_devices] 0]
set_property PROGRAM.FILE {D:/Vivado_Program_Files/20170711_ESP8266/ESP8266_Config_0.1/ESP8266_Config_0.1.runs/impl_1/ESP8266_ClientConfig.bit} [lindex [get_hw_devices] 0]
program_hw_devices [lindex [get_hw_devices] 0]
refresh_hw_device [lindex [get_hw_devices] 0]
run_hw_ila [get_hw_ilas -of_objects [get_hw_devices xc7a35t_0] -filter {CELL_NAME=~"inst_ila_uart"}]
wait_on_hw_ila [get_hw_ilas -of_objects [get_hw_devices xc7a35t_0] -filter {CELL_NAME=~"inst_ila_uart"}]
display_hw_ila_data [upload_hw_ila_data [get_hw_ilas -of_objects [get_hw_devices xc7a35t_0] -filter {CELL_NAME=~"inst_ila_uart"}]]
run_hw_ila [get_hw_ilas -of_objects [get_hw_devices xc7a35t_0] -filter {CELL_NAME=~"inst_ila_uart"}]
wait_on_hw_ila [get_hw_ilas -of_objects [get_hw_devices xc7a35t_0] -filter {CELL_NAME=~"inst_ila_uart"}]
display_hw_ila_data [upload_hw_ila_data [get_hw_ilas -of_objects [get_hw_devices xc7a35t_0] -filter {CELL_NAME=~"inst_ila_uart"}]]
run_hw_ila [get_hw_ilas -of_objects [get_hw_devices xc7a35t_0] -filter {CELL_NAME=~"inst_ila_uart"}]
wait_on_hw_ila [get_hw_ilas -of_objects [get_hw_devices xc7a35t_0] -filter {CELL_NAME=~"inst_ila_uart"}]
display_hw_ila_data [upload_hw_ila_data [get_hw_ilas -of_objects [get_hw_devices xc7a35t_0] -filter {CELL_NAME=~"inst_ila_uart"}]]
run_hw_ila [get_hw_ilas -of_objects [get_hw_devices xc7a35t_0] -filter {CELL_NAME=~"inst_ila_uart"}]
wait_on_hw_ila [get_hw_ilas -of_objects [get_hw_devices xc7a35t_0] -filter {CELL_NAME=~"inst_ila_uart"}]
display_hw_ila_data [upload_hw_ila_data [get_hw_ilas -of_objects [get_hw_devices xc7a35t_0] -filter {CELL_NAME=~"inst_ila_uart"}]]
run_hw_ila [get_hw_ilas -of_objects [get_hw_devices xc7a35t_0] -filter {CELL_NAME=~"inst_ila_uart"}]
wait_on_hw_ila [get_hw_ilas -of_objects [get_hw_devices xc7a35t_0] -filter {CELL_NAME=~"inst_ila_uart"}]
display_hw_ila_data [upload_hw_ila_data [get_hw_ilas -of_objects [get_hw_devices xc7a35t_0] -filter {CELL_NAME=~"inst_ila_uart"}]]
run_hw_ila [get_hw_ilas -of_objects [get_hw_devices xc7a35t_0] -filter {CELL_NAME=~"inst_ila_uart"}]
set_property PROBES.FILE {D:/Vivado_Program_Files/20170711_ESP8266/ESP8266_Config_0.1/ESP8266_Config_0.1.runs/impl_1/debug_nets.ltx} [lindex [get_hw_devices] 0]
set_property PROGRAM.FILE {D:/Vivado_Program_Files/20170711_ESP8266/ESP8266_Config_0.1/ESP8266_Config_0.1.runs/impl_1/ESP8266_ClientConfig.bit} [lindex [get_hw_devices] 0]
program_hw_devices [lindex [get_hw_devices] 0]
refresh_hw_device [lindex [get_hw_devices] 0]
run_hw_ila [get_hw_ilas -of_objects [get_hw_devices xc7a35t_0] -filter {CELL_NAME=~"inst_ila_uart"}]
wait_on_hw_ila [get_hw_ilas -of_objects [get_hw_devices xc7a35t_0] -filter {CELL_NAME=~"inst_ila_uart"}]
display_hw_ila_data [upload_hw_ila_data [get_hw_ilas -of_objects [get_hw_devices xc7a35t_0] -filter {CELL_NAME=~"inst_ila_uart"}]]
run_hw_ila [get_hw_ilas -of_objects [get_hw_devices xc7a35t_0] -filter {CELL_NAME=~"inst_ila_uart"}] -trigger_now
wait_on_hw_ila [get_hw_ilas -of_objects [get_hw_devices xc7a35t_0] -filter {CELL_NAME=~"inst_ila_uart"}]
display_hw_ila_data [upload_hw_ila_data [get_hw_ilas -of_objects [get_hw_devices xc7a35t_0] -filter {CELL_NAME=~"inst_ila_uart"}]]
run_hw_ila [get_hw_ilas -of_objects [get_hw_devices xc7a35t_0] -filter {CELL_NAME=~"inst_ila_uart"}] -trigger_now
wait_on_hw_ila [get_hw_ilas -of_objects [get_hw_devices xc7a35t_0] -filter {CELL_NAME=~"inst_ila_uart"}]
display_hw_ila_data [upload_hw_ila_data [get_hw_ilas -of_objects [get_hw_devices xc7a35t_0] -filter {CELL_NAME=~"inst_ila_uart"}]]
run_hw_ila [get_hw_ilas -of_objects [get_hw_devices xc7a35t_0] -filter {CELL_NAME=~"inst_ila_uart"}] -trigger_now
wait_on_hw_ila [get_hw_ilas -of_objects [get_hw_devices xc7a35t_0] -filter {CELL_NAME=~"inst_ila_uart"}]
display_hw_ila_data [upload_hw_ila_data [get_hw_ilas -of_objects [get_hw_devices xc7a35t_0] -filter {CELL_NAME=~"inst_ila_uart"}]]
undo
open_project D:/Vivado_Program_Files/20170711_ESP8266/ESP8266_Config_0.2/ESP8266_Config_0.2.xpr
current_project ESP8266_Config_0.1
close_project
open_hw
connect_hw_server -url localhost:3121
current_hw_target [get_hw_targets */xilinx_tcf/Digilent/210183A2801AA]
set_property PARAM.FREQUENCY 500000 [get_hw_targets */xilinx_tcf/Digilent/210183A2801AA]
open_hw_target
set_property PROGRAM.FILE {D:/Vivado_Program_Files/20170711_ESP8266/ESP8266_Config_0.2/ESP8266_Config_0.2.runs/impl_1/ESP8266_ClientConfig.bit} [lindex [get_hw_devices] 0]
set_property PROBES.FILE {D:/Vivado_Program_Files/20170711_ESP8266/ESP8266_Config_0.2/ESP8266_Config_0.2.runs/impl_1/debug_nets.ltx} [lindex [get_hw_devices] 0]
current_hw_device [lindex [get_hw_devices] 0]
refresh_hw_device [lindex [get_hw_devices] 0]
set_property PROBES.FILE {D:/Vivado_Program_Files/20170711_ESP8266/ESP8266_Config_0.2/ESP8266_Config_0.2.runs/impl_1/debug_nets.ltx} [lindex [get_hw_devices] 0]
set_property PROGRAM.FILE {D:/Vivado_Program_Files/20170711_ESP8266/ESP8266_Config_0.2/ESP8266_Config_0.2.runs/impl_1/ESP8266_ClientConfig.bit} [lindex [get_hw_devices] 0]
program_hw_devices [lindex [get_hw_devices] 0]
refresh_hw_device [lindex [get_hw_devices] 0]
display_hw_ila_data [ get_hw_ila_data hw_ila_data_1 -of_objects [get_hw_ilas -of_objects [get_hw_devices xc7a35t_0] -filter {CELL_NAME=~"inst_ila_uart"}]]
run_hw_ila [get_hw_ilas -of_objects [get_hw_devices xc7a35t_0] -filter {CELL_NAME=~"inst_ila_uart"}]
wait_on_hw_ila [get_hw_ilas -of_objects [get_hw_devices xc7a35t_0] -filter {CELL_NAME=~"inst_ila_uart"}]
display_hw_ila_data [upload_hw_ila_data [get_hw_ilas -of_objects [get_hw_devices xc7a35t_0] -filter {CELL_NAME=~"inst_ila_uart"}]]
run_hw_ila [get_hw_ilas -of_objects [get_hw_devices xc7a35t_0] -filter {CELL_NAME=~"inst_ila_uart"}]
wait_on_hw_ila [get_hw_ilas -of_objects [get_hw_devices xc7a35t_0] -filter {CELL_NAME=~"inst_ila_uart"}]
display_hw_ila_data [upload_hw_ila_data [get_hw_ilas -of_objects [get_hw_devices xc7a35t_0] -filter {CELL_NAME=~"inst_ila_uart"}]]
run_hw_ila [get_hw_ilas -of_objects [get_hw_devices xc7a35t_0] -filter {CELL_NAME=~"inst_ila_uart"}]
wait_on_hw_ila [get_hw_ilas -of_objects [get_hw_devices xc7a35t_0] -filter {CELL_NAME=~"inst_ila_uart"}]
display_hw_ila_data [upload_hw_ila_data [get_hw_ilas -of_objects [get_hw_devices xc7a35t_0] -filter {CELL_NAME=~"inst_ila_uart"}]]
run_hw_ila [get_hw_ilas -of_objects [get_hw_devices xc7a35t_0] -filter {CELL_NAME=~"inst_ila_uart"}]
wait_on_hw_ila [get_hw_ilas -of_objects [get_hw_devices xc7a35t_0] -filter {CELL_NAME=~"inst_ila_uart"}]
display_hw_ila_data [upload_hw_ila_data [get_hw_ilas -of_objects [get_hw_devices xc7a35t_0] -filter {CELL_NAME=~"inst_ila_uart"}]]
open_project D:/Vivado_Program_Files/20170711_ESP8266/ESP8266_Config_0.3/ESP8266_Config_0.3.xpr
current_project ESP8266_Config_0.2
close_project
open_hw
connect_hw_server -url localhost:3121
current_hw_target [get_hw_targets */xilinx_tcf/Digilent/210183A2801AA]
set_property PARAM.FREQUENCY 1000000 [get_hw_targets */xilinx_tcf/Digilent/210183A2801AA]
open_hw_target
set_property PROGRAM.FILE {D:/Vivado_Program_Files/20170711_ESP8266/ESP8266_Config_0.3/ESP8266_Config_0.3.runs/impl_1/ESP8266_ClientConfig.bit} [lindex [get_hw_devices] 0]
set_property PROBES.FILE {D:/Vivado_Program_Files/20170711_ESP8266/ESP8266_Config_0.3/ESP8266_Config_0.3.runs/impl_1/debug_nets.ltx} [lindex [get_hw_devices] 0]
current_hw_device [lindex [get_hw_devices] 0]
refresh_hw_device [lindex [get_hw_devices] 0]
set_property PROBES.FILE {D:/Vivado_Program_Files/20170711_ESP8266/ESP8266_Config_0.3/ESP8266_Config_0.3.runs/impl_1/debug_nets.ltx} [lindex [get_hw_devices] 0]
set_property PROGRAM.FILE {D:/Vivado_Program_Files/20170711_ESP8266/ESP8266_Config_0.3/ESP8266_Config_0.3.runs/impl_1/ESP8266_ClientConfig.bit} [lindex [get_hw_devices] 0]
program_hw_devices [lindex [get_hw_devices] 0]
refresh_hw_device [lindex [get_hw_devices] 0]
display_hw_ila_data [ get_hw_ila_data hw_ila_data_1 -of_objects [get_hw_ilas -of_objects [get_hw_devices xc7a35t_0] -filter {CELL_NAME=~"inst_ila_uart"}]]
run_hw_ila [get_hw_ilas -of_objects [get_hw_devices xc7a35t_0] -filter {CELL_NAME=~"inst_ila_uart"}]
wait_on_hw_ila [get_hw_ilas -of_objects [get_hw_devices xc7a35t_0] -filter {CELL_NAME=~"inst_ila_uart"}]
display_hw_ila_data [upload_hw_ila_data [get_hw_ilas -of_objects [get_hw_devices xc7a35t_0] -filter {CELL_NAME=~"inst_ila_uart"}]]
open_project D:/Vivado_Program_Files/20170711_ESP8266/ESP8266_Config_0.4/ESP8266_Config_0.4.xpr
current_project ESP8266_Config_0.3
close_project
add_files -norecurse D:/Vivado_Program_Files/20170711_ESP8266/ESP8266_Config_0.4/ESP8266_Config_0.4.srcs/sources_1/receive_OK/receive_OK_pkg.vhd
remove_files D:/Vivado_Program_Files/20170711_ESP8266/ESP8266_Config_0.4/ESP8266_Config_0.4.srcs/sources_1/receive_OK/hdlsrc/receive_OK/receive_OK_pkg.vhd
file delete -force D:/Vivado_Program_Files/20170711_ESP8266/ESP8266_Config_0.4/ESP8266_Config_0.4.srcs/sources_1/receive_OK/hdlsrc/receive_OK/receive_OK_pkg.vhd
reset_run impl_1 -prev_step 
launch_runs impl_1 -to_step write_bitstream -jobs 4
wait_on_run impl_1
reset_run impl_1 -prev_step 
launch_runs impl_1 -to_step write_bitstream -jobs 4
wait_on_run impl_1
open_hw
connect_hw_server -url localhost:3121
current_hw_target [get_hw_targets */xilinx_tcf/Digilent/210183A2801AA]
set_property PARAM.FREQUENCY 500000 [get_hw_targets */xilinx_tcf/Digilent/210183A2801AA]
open_hw_target
set_property PROGRAM.FILE {D:\Vivado_Program_Files\20170711_ESP8266\ESP8266_Config_0.2\ESP8266_Config_0.2.runs\impl_1\ESP8266_ClientConfig.bit} [lindex [get_hw_devices] 0]
set_property PROBES.FILE {D:\Vivado_Program_Files\20170711_ESP8266\ESP8266_Config_0.3\ESP8266_Config_0.3.runs\impl_1\debug_nets.ltx} [lindex [get_hw_devices] 0]
current_hw_device [lindex [get_hw_devices] 0]
refresh_hw_device [lindex [get_hw_devices] 0]
display_hw_ila_data [ get_hw_ila_data hw_ila_data_1 -of_objects [get_hw_ilas -of_objects [get_hw_devices xc7a35t_0] -filter {CELL_NAME=~"inst_ila_uart"}]]
run_hw_ila [get_hw_ilas -of_objects [get_hw_devices xc7a35t_0] -filter {CELL_NAME=~"inst_ila_uart"}]
wait_on_hw_ila [get_hw_ilas -of_objects [get_hw_devices xc7a35t_0] -filter {CELL_NAME=~"inst_ila_uart"}]
display_hw_ila_data [upload_hw_ila_data [get_hw_ilas -of_objects [get_hw_devices xc7a35t_0] -filter {CELL_NAME=~"inst_ila_uart"}]]
run_hw_ila [get_hw_ilas -of_objects [get_hw_devices xc7a35t_0] -filter {CELL_NAME=~"inst_ila_uart"}]
wait_on_hw_ila [get_hw_ilas -of_objects [get_hw_devices xc7a35t_0] -filter {CELL_NAME=~"inst_ila_uart"}]
display_hw_ila_data [upload_hw_ila_data [get_hw_ilas -of_objects [get_hw_devices xc7a35t_0] -filter {CELL_NAME=~"inst_ila_uart"}]]
run_hw_ila [get_hw_ilas -of_objects [get_hw_devices xc7a35t_0] -filter {CELL_NAME=~"inst_ila_uart"}] -trigger_now
wait_on_hw_ila [get_hw_ilas -of_objects [get_hw_devices xc7a35t_0] -filter {CELL_NAME=~"inst_ila_uart"}]
display_hw_ila_data [upload_hw_ila_data [get_hw_ilas -of_objects [get_hw_devices xc7a35t_0] -filter {CELL_NAME=~"inst_ila_uart"}]]
run_hw_ila [get_hw_ilas -of_objects [get_hw_devices xc7a35t_0] -filter {CELL_NAME=~"inst_ila_uart"}] -trigger_now
wait_on_hw_ila [get_hw_ilas -of_objects [get_hw_devices xc7a35t_0] -filter {CELL_NAME=~"inst_ila_uart"}]
display_hw_ila_data [upload_hw_ila_data [get_hw_ilas -of_objects [get_hw_devices xc7a35t_0] -filter {CELL_NAME=~"inst_ila_uart"}]]
run_hw_ila [get_hw_ilas -of_objects [get_hw_devices xc7a35t_0] -filter {CELL_NAME=~"inst_ila_uart"}] -trigger_now
wait_on_hw_ila [get_hw_ilas -of_objects [get_hw_devices xc7a35t_0] -filter {CELL_NAME=~"inst_ila_uart"}]
display_hw_ila_data [upload_hw_ila_data [get_hw_ilas -of_objects [get_hw_devices xc7a35t_0] -filter {CELL_NAME=~"inst_ila_uart"}]]
run_hw_ila [get_hw_ilas -of_objects [get_hw_devices xc7a35t_0] -filter {CELL_NAME=~"inst_ila_uart"}] -trigger_now
wait_on_hw_ila [get_hw_ilas -of_objects [get_hw_devices xc7a35t_0] -filter {CELL_NAME=~"inst_ila_uart"}]
display_hw_ila_data [upload_hw_ila_data [get_hw_ilas -of_objects [get_hw_devices xc7a35t_0] -filter {CELL_NAME=~"inst_ila_uart"}]]
run_hw_ila [get_hw_ilas -of_objects [get_hw_devices xc7a35t_0] -filter {CELL_NAME=~"inst_ila_uart"}] -trigger_now
wait_on_hw_ila [get_hw_ilas -of_objects [get_hw_devices xc7a35t_0] -filter {CELL_NAME=~"inst_ila_uart"}]
display_hw_ila_data [upload_hw_ila_data [get_hw_ilas -of_objects [get_hw_devices xc7a35t_0] -filter {CELL_NAME=~"inst_ila_uart"}]]
run_hw_ila [get_hw_ilas -of_objects [get_hw_devices xc7a35t_0] -filter {CELL_NAME=~"inst_ila_uart"}] -trigger_now
wait_on_hw_ila [get_hw_ilas -of_objects [get_hw_devices xc7a35t_0] -filter {CELL_NAME=~"inst_ila_uart"}]
display_hw_ila_data [upload_hw_ila_data [get_hw_ilas -of_objects [get_hw_devices xc7a35t_0] -filter {CELL_NAME=~"inst_ila_uart"}]]
run_hw_ila [get_hw_ilas -of_objects [get_hw_devices xc7a35t_0] -filter {CELL_NAME=~"inst_ila_uart"}] -trigger_now
wait_on_hw_ila [get_hw_ilas -of_objects [get_hw_devices xc7a35t_0] -filter {CELL_NAME=~"inst_ila_uart"}]
display_hw_ila_data [upload_hw_ila_data [get_hw_ilas -of_objects [get_hw_devices xc7a35t_0] -filter {CELL_NAME=~"inst_ila_uart"}]]
run_hw_ila [get_hw_ilas -of_objects [get_hw_devices xc7a35t_0] -filter {CELL_NAME=~"inst_ila_uart"}] -trigger_now
wait_on_hw_ila [get_hw_ilas -of_objects [get_hw_devices xc7a35t_0] -filter {CELL_NAME=~"inst_ila_uart"}]
display_hw_ila_data [upload_hw_ila_data [get_hw_ilas -of_objects [get_hw_devices xc7a35t_0] -filter {CELL_NAME=~"inst_ila_uart"}]]
run_hw_ila [get_hw_ilas -of_objects [get_hw_devices xc7a35t_0] -filter {CELL_NAME=~"inst_ila_uart"}] -trigger_now
wait_on_hw_ila [get_hw_ilas -of_objects [get_hw_devices xc7a35t_0] -filter {CELL_NAME=~"inst_ila_uart"}]
display_hw_ila_data [upload_hw_ila_data [get_hw_ilas -of_objects [get_hw_devices xc7a35t_0] -filter {CELL_NAME=~"inst_ila_uart"}]]
set_property TRIGGER_COMPARE_VALUE eq4'h1 [get_hw_probes model_sel -of_objects [get_hw_ilas -of_objects [get_hw_devices xc7a35t_0] -filter {CELL_NAME=~"inst_ila_uart"}]]
run_hw_ila [get_hw_ilas -of_objects [get_hw_devices xc7a35t_0] -filter {CELL_NAME=~"inst_ila_uart"}] -trigger_now
wait_on_hw_ila [get_hw_ilas -of_objects [get_hw_devices xc7a35t_0] -filter {CELL_NAME=~"inst_ila_uart"}]
display_hw_ila_data [upload_hw_ila_data [get_hw_ilas -of_objects [get_hw_devices xc7a35t_0] -filter {CELL_NAME=~"inst_ila_uart"}]]
run_hw_ila [get_hw_ilas -of_objects [get_hw_devices xc7a35t_0] -filter {CELL_NAME=~"inst_ila_uart"}] -trigger_now
wait_on_hw_ila [get_hw_ilas -of_objects [get_hw_devices xc7a35t_0] -filter {CELL_NAME=~"inst_ila_uart"}]
display_hw_ila_data [upload_hw_ila_data [get_hw_ilas -of_objects [get_hw_devices xc7a35t_0] -filter {CELL_NAME=~"inst_ila_uart"}]]
run_hw_ila [get_hw_ilas -of_objects [get_hw_devices xc7a35t_0] -filter {CELL_NAME=~"inst_ila_uart"}]
set_property PROBES.FILE {D:/Vivado_Program_Files/20170711_ESP8266/ESP8266_Config_0.4/ESP8266_Config_0.4.runs/impl_1/debug_nets.ltx} [lindex [get_hw_devices] 0]
set_property PROGRAM.FILE {D:/Vivado_Program_Files/20170711_ESP8266/ESP8266_Config_0.4/ESP8266_Config_0.4.runs/impl_1/ESP8266_ClientConfig.bit} [lindex [get_hw_devices] 0]
program_hw_devices [lindex [get_hw_devices] 0]
refresh_hw_device [lindex [get_hw_devices] 0]
run_hw_ila [get_hw_ilas -of_objects [get_hw_devices xc7a35t_0] -filter {CELL_NAME=~"inst_ila_uart"}]
save_wave_config {D:/Vivado_Program_Files/20170711_ESP8266/ESP8266_Config_0.4/ESP8266_Config_0.4.hw/hw_1/wave/hw_ila_data_1/hw_ila_data_1.wcfg}
